SYNTAX ERROR (1): syntax error, unexpected IDENTIFIER, expecting CHAR or INT or FLOAT or VOID
