SYNTAX ERROR (1): syntax error, unexpected IDENTIFIER
