SEMANTIC ERROR (3): variable 'a' was not declared.
