SYNTAX ERROR (1): syntax error, unexpected '*', expecting IDENTIFIER or LPAR or RPAR or ','
