SYNTAX ERROR (5): syntax error, unexpected $end, expecting CHAR or INT or FLOAT or VOID
