SEMANTIC ERROR (13): return of type 'void' is different of declared type 'int' of function 'main'.
