SEMANTIC ERROR (4): function 'readInt' was not declared.
