syntax error, unexpected '}', expecting WHILE
PARSE FAILED!
