SEMANTIC ERROR (10): return of type 'void' is different of declared type 'int' of function 'main'.
