syntax error, unexpected IDENTIFIER, expecting '('
PARSE FAILED!
