SEMANTIC ERROR (4): variable 'true' was not declared.
