SEMANTIC ERROR (4): variable 'b' was not declared.
