syntax error, unexpected IDENTIFIER, expecting CHAR or INT or FLOAT or VOID
PARSE FAILED!
