SEMANTIC ERROR (3): variable 'a7' was not declared.
