SYNTAX ERROR (2): syntax error, unexpected '[', expecting IDENTIFIER or LPAR
