SEMANTIC ERROR (3): incompatible types for operator '==', LHS is 'char[]' and RHS is 'int'.
