SEMANTIC ERROR (3): function 'strcmp' was not declared.
