SYNTAX ERROR (2): syntax error, unexpected FLOAT, expecting IDENTIFIER or LPAR
