SYNTAX ERROR (2): syntax error, unexpected CONSTANT, expecting IDENTIFIER or LPAR or ';'
