SYNTAX ERROR (2): syntax error, unexpected I_CONSTANT
