SEMANTIC ERROR (2): variable 'a' was not declared.
