SEMANTIC ERROR (10): function 'func' was not declared.
