SEMANTIC ERROR (9): variable 'j' was not declared.
