SEMANTIC ERROR (10): incompatible types for operator '=', LHS is 'int' and RHS is 'float'.
