SEMANTIC ERROR (7): incompatible types for operator '==', LHS is 'char' and RHS is 'char[]'.
