SEMANTIC ERROR (4): variable 'i' was not declared.
