SEMANTIC ERROR (12): incompatible types for operator '=', LHS is 'int' and RHS is 'float'.
