syntax error, unexpected $end, expecting CHAR or INT or FLOAT
PARSE FAILED!
