SEMANTIC ERROR (9): argument 'a' of type 'float' expecting type 'int' .
