SEMANTIC ERROR (10): conditional expression in 'if' is 'float' instead of 'int'.
